// Jest Snapshot v1, https://goo.gl/fbAQLP

exports[`renders the Navbar using Snapshots 1`] = `
<View
  style={
    Object {
      "alignItems": "center",
      "backgroundColor": "#2CBCF2",
      "flexDirection": "row",
      "height": 74,
      "justifyContent": "center",
      "marginTop": -44,
      "paddingTop": 30,
    }
  }
>
  <Text
    style={
      Object {
        "color": "#FFFFFF",
        "fontSize": 16,
        "fontWeight": "600",
      }
    }
  >
    Test
  </Text>
</View>
`;
